[www.muso.com/index.html]
[backblue.gif]
[fade.gif]
[index.html]
[www.muso.com/wp-content/plugins/magic-tooltips-for-contact-form-7/assets/css/jquery.qtip.min5010.css]
[www.muso.com/feed/index.html]
[www.muso.com/comments/feed/index.html]
[www.muso.com/wp-content/plugins/contact-form-7/includes/css/styles972f.css]
[www.muso.com/wp-content/plugins/maxbuttons/assets/libraries/font-awesome/css/font-awesome.min5010.css]
[www.muso.com/wp-content/plugins/uk-cookie-consent/assets/css/style5010.css]
[www.muso.com/wp-content/themes/studionovel_muso_v1/assets/css/style1576.css]
[www.muso.com/wp-includes/js/jquery/jqueryb8ff.js]
[www.muso.com/wp-includes/js/jquery/jquery-migrate.min330a.js]
[www.muso.com/wp-content/plugins/magic-tooltips-for-contact-form-7/assets/js/jquery.qtip5010.js]
[www.muso.com/wp-content/plugins/magic-tooltips-for-contact-form-7/assets/js/imagesloaded.pkgd.min5010.js]
[www.muso.com/wp-content/plugins/magic-tooltips-for-contact-form-7/assets/js/customaf4d.js]
[www.muso.com/wp-content/plugins/maxbuttons/js/min/front68b3.js]
[www.muso.com/wp-content/plugins/duracelltomi-google-tag-manager/js/gtm4wp-form-move-tracker4735.js]
[www.muso.com/xmlrpc0db0.php]
[www.muso.com/wp-includes/wlwmanifest.xml]
[www.muso.com/wp-json/index.html]
[www.muso.com/wp-json/oembed/1.0/embed3ea9.json]
[www.muso.com/wp-json/oembed/1.0/embedbf6f]
[www.muso.com/wp-content/uploads/2017/07/cropped-muso-favicon-32x32.jpg]
[www.muso.com/wp-content/uploads/2017/07/cropped-muso-favicon-192x192.jpg]
[www.muso.com/wp-content/uploads/2017/07/cropped-muso-favicon-180x180.jpg]
[www.muso.com/wp-content/uploads/2018/08/mbc.png]
[www.muso.com/magazine/index.html]
[www.muso.com/products/overview/index.html]
[www.muso.com/wp-content/uploads/2018/08/sonymusic-logo.png]
[www.muso.com/contact-us/enquiries/index.html]
[www.muso.com/products/discover/index.html]
[www.muso.com/about-us/background/index.html]
[www.muso.com/wp-content/uploads/2017/12/protect-block-8-logo-5-img.png]
[www.muso.com/products/connect/index.html]
[www.muso.com/products/protect/index.html]
[www.muso.com/wp-content/uploads/2018/08/euipo-logo.png]
[www.muso.com/wp-content/uploads/2018/08/e1-logo.png]
[www.muso.com/wp-content/uploads/2018/08/sony-interactive.png]
[www.muso.com/wp-content/uploads/2014/03/muso-anti-piracy-dashboard.jpg]
[www.muso.com/wp-content/plugins/contact-form-7/includes/js/scripts972f.js]
[www.muso.com/magazine/piracy-data-from-global-view-to-macroeconomic-trends/index.html]
[www.muso.com/category/film/index.html]
[www.muso.com/category/article/index.html]
[www.muso.com/wp-content/plugins/uk-cookie-consent/assets/js/uk-cookie-consent-jsa1ec.js]
[www.muso.com/category/television/index.html]
[www.muso.com/category/music/index.html]
[www.muso.com/policies/terms-and-conditions/index.html]
[www.muso.com/wp-content/themes/studionovel_muso_v1/bower_components/history.js/scripts/bundled/html5/jquery.history4a7d.js]
[www.muso.com/policies/cookie-policy/index.html]
[www.muso.com/about-us/founders/index.html]
[www.muso.com/policies/privacy-policy/index.html]
[www.muso.com/wp-content/themes/studionovel_muso_v1/bower_components/jquery.scrollTo/jquery.scrollTo.min4a7d.js]
[www.muso.com/wp-content/themes/studionovel_muso_v1/assets/js/scriptsf546.js]
[www.muso.com/index.html]
[www.muso.com/wp-content/plugins/magic-tooltips-for-contact-form-7/assets/css/jquery.qtip.min5010.css]
[www.muso.com/wp-content/plugins/magic-tooltips-for-contact-form-7/assets/css/custom5010.css]
[www.muso.com/wp-includes/js/wp-embed.min5010.js]
[www.muso.com/wp-content/plugins/contact-form-7/images/ajax-loader.gif]
[www.muso.com/wp-content/plugins/contact-form-7/includes/css/styles972f.css]
[www.muso.com/wp-content/plugins/maxbuttons/assets/libraries/font-awesome/fonts/fontawesome-webfont3e6e.eot]
[www.muso.com/wp-content/plugins/maxbuttons/assets/libraries/font-awesome/fonts/fontawesome-webfontd41d.eot]
[www.muso.com/wp-content/plugins/maxbuttons/assets/libraries/font-awesome/fonts/fontawesome-webfont3e6e.woff2]
[www.muso.com/wp-content/plugins/maxbuttons/assets/libraries/font-awesome/fonts/fontawesome-webfont3e6e.woff]
[www.muso.com/wp-content/plugins/maxbuttons/assets/libraries/font-awesome/fonts/fontawesome-webfont3e6e.ttf]
[www.muso.com/wp-content/plugins/maxbuttons/assets/libraries/font-awesome/css/font-awesome.min5010.css]
[www.muso.com/wp-content/plugins/uk-cookie-consent/assets/css/style5010.css]
[www.muso.com/wp-content/plugins/wp-pagenavi/pagenavi-css44fd.css]
[www.muso.com/wp-content/themes/studionovel_muso_v1/assets/img/request-reports-response-sent.png]
[www.muso.com/wp-content/themes/studionovel_muso_v1/assets/css/style1576.css]
[www.muso.com/wp-includes/js/jquery/jqueryb8ff.js]
[www.muso.com/wp-includes/js/jquery/jquery-migrate.min330a.js]
[www.muso.com/wp-content/plugins/magic-tooltips-for-contact-form-7/assets/js/jquery.qtip5010.js]
[www.muso.com/wp-content/plugins/magic-tooltips-for-contact-form-7/assets/js/imagesloaded.pkgd.min5010.js]
[www.muso.com/wp-content/plugins/magic-tooltips-for-contact-form-7/assets/js/customaf4d.js]
[www.muso.com/wp-content/plugins/maxbuttons/js/min/front68b3.js]
[www.muso.com/wp-content/plugins/duracelltomi-google-tag-manager/js/gtm4wp-contact-form-7-tracker4735.js]
[www.muso.com/wp-content/plugins/duracelltomi-google-tag-manager/js/gtm4wp-form-move-tracker4735.js]
[www.muso.com/wp-content/plugins/maxbuttons/assets/libraries/font-awesome/fonts/fontawesome-webfont3e6e.svg]
[www.muso.com/wp-json/oembed/1.0/embed2ccc.json]
[www.muso.com/products/overview/index.html]
[www.muso.com/wp-json/oembed/1.0/embed8bb4]
[www.muso.com/wp-content/uploads/2018/05/YTM2.jpg]
[www.muso.com/magazine/feed/index.html]
[www.muso.com/category/interview/index.html]
[www.muso.com/wp-content/uploads/2018/03/earth-earth-at-night-night-lights-41949.jpg]
[www.muso.com/magazine/youtube-launches-youtube-music-a-piracy-fighter/index.html]
[www.muso.com/magazine/global-piracy-increases-throughout-2017-muso-reveals/index.html]
[www.muso.com/category/press-release/index.html]
[www.muso.com/wp-content/uploads/2018/05/EUIPO-logo.jpg]
[www.muso.com/wp-content/uploads/2017/07/gallery-ustv-game-of-thrones-whitewalkers.png]
[www.muso.com/magazine/muso-supporting-euipos-economic-impact-study-on-piracy/index.html]
[www.muso.com/magazine/game-of-thrones-season-7-pirated-over-1-billion-times/index.html]
[www.muso.com/wp-content/uploads/2017/09/igor-ovsyannykov-165872.jpg]
[www.muso.com/magazine/the-bigger-picture-india-embracing-the-svod-revolution/index.html]
[www.muso.com/wp-content/uploads/2017/07/jakob-owens-277842.jpg]
[www.muso.com/magazine/game-of-thrones-season-7-opener-pirated-91-74-million-times/index.html]
[www.muso.com/magazine/queen-of-indie-jane-clark-talks-piracy-in-the-indie-film-market/index.html]
[www.muso.com/wp-content/uploads/2017/06/elio1-1024x683.png]
[www.muso.com/magazine/from-rock-legends-to-piracy-a-conversation-with-elio-bordi-from-frontiers/index.html]
[www.muso.com/wp-content/uploads/2017/06/greta-scholderle-moller-110601-1024x683.jpg]
[www.muso.com/magazine/spain-10th-for-global-music-piracy/index.html]
[www.muso.com/wp-content/uploads/2017/04/jakob-owens-198234-1024x665.jpg]
[www.muso.com/magazine/muso-releases-2017-global-film-tv-insight-report/index.html]
[www.muso.com/wp-content/uploads/2017/04/pexels-photo-70222-1024x683.jpg]
[www.muso.com/magazine/index.html]
[www.muso.com/wp-json/oembed/1.0/embed50d7.json]
[www.muso.com/magazine/page/2/index.html]
[www.muso.com/magazine/muso-releases-2017-global-music-insight-report/index.html]
[www.muso.com/contact-us/enquiries/index.html]
[www.muso.com/wp-json/oembed/1.0/embede979]
[www.muso.com/contact-us/offices/index.html]
[www.muso.com/wp-json/oembed/1.0/embed3702.json]
[www.muso.com/about-us/background/index.html]
[www.muso.com/wp-json/oembed/1.0/embed78ec]
[www.muso.com/wp-json/oembed/1.0/embedb7f4.json]
[www.muso.com/products/discover/index.html]
[www.muso.com/wp-json/oembed/1.0/embed1b1e]
[www.muso.com/wp-json/oembed/1.0/embed9762.json]
[www.muso.com/wp-json/oembed/1.0/embed8924]
[www.muso.com/wp-content/uploads/2018/08/spider-ma-tv.jpg]
[www.muso.com/wp-content/uploads/2017/12/protect-block-2-divider-1-music.png]
[www.muso.com/wp-content/uploads/2017/12/protect-block-2-divider-2-film.png]
[www.muso.com/wp-content/uploads/2017/12/protect-block-2-divider-3-tv.png]
[www.muso.com/wp-content/uploads/2018/08/games-icon.png]
[www.muso.com/wp-content/uploads/2017/12/protect-block-2-divider-5-software.png]
[www.muso.com/wp-content/uploads/2017/12/protect-block-2-divider-6-ecourses.png]
[www.muso.com/wp-content/uploads/2017/12/protect-block-3-icon.png]
[www.muso.com/wp-content/uploads/2018/08/phone-web-streaming.jpg]
[www.muso.com/wp-content/uploads/2018/08/noun_1317446.png]
[www.muso.com/products/protect/index.html]
[www.muso.com/wp-json/oembed/1.0/embedf902.json]
[www.muso.com/products/connect/index.html]
[www.muso.com/wp-json/oembed/1.0/embed0944]
[www.muso.com/wp-json/oembed/1.0/embedb2c9.json]
[www.muso.com/wp-json/oembed/1.0/embed6faa]
[www.muso.com/wp-content/uploads/2018/05/Figure-1-Visits-per-Internet-User-to-Music-Streaming-Sites_-by-Smartphone-Penetration-per-country-300x182.png]
[www.muso.com/wp-content/uploads/2018/05/Figure-2_-Visits-per-Internet-User-to-Film-TV-Streaming-Sites_-by-Smartphone-Penetration-per-country.-300x185.png]
[www.muso.com/magazine/piracy-data-from-global-view-to-macroeconomic-trends/index.html]
[www.muso.com/wp-content/uploads/2016/12/streamripping1-1024x684.jpg]
[www.muso.com/category/article/feed/index.html]
[www.muso.com/wp-content/uploads/2016/11/Dubai-1024x618.jpg]
[www.muso.com/magazine/ripping-is-back-2017s-biggest-music-piracy-threat/index.html]
[www.muso.com/wp-content/uploads/2016/10/TokyoNight1-1024x683.jpg]
[www.muso.com/magazine/16-insight-report-mena-audiences-make-5bn-piracy-site-visits/index.html]
[www.muso.com/wp-content/uploads/2016/09/shutterstock_3069371091.jpg]
[www.muso.com/magazine/mipcom-report-can-japans-next-wave-embrace-its-7-7bn-anime-piracy-audience/index.html]
[www.muso.com/magazine/a-clearer-picture-of-piracy-2016-nordic-piracy-case-study/index.html]
[www.muso.com/wp-content/uploads/2013/10/shutterstock_5333959.jpg]
[www.muso.com/magazine/strategies-for-uk-film-cos-converting-piracy-streaming-to-sales/index.html]
[www.muso.com/wp-content/uploads/2016/08/People-Walking-2-.jpg]
[www.muso.com/magazine/getting-to-know-a-new-piracy-audience/index.html]
[www.muso.com/wp-content/uploads/2016/05/big-data1.jpg]
[www.muso.com/magazine/market-insight-music-piracy-in-switzerland/index.html]
[www.muso.com/wp-content/uploads/2016/02/berlin.jpg]
[www.muso.com/category/article/index.html]
[www.muso.com/magazine/musos-2015-efm-piracy-study-insights/index.html]
[www.muso.com/wp-content/uploads/2016/02/francemarket.jpg]
[www.muso.com/magazine/big-data-netflix-amazon/index.html]
[www.muso.com/category/article/page/2/index.html]
[www.muso.com/category/film/feed/index.html]
[www.muso.com/wp-content/uploads/2015/12/star-wars-header-3.jpg]
[www.muso.com/category/film/index.html]
[www.muso.com/category/music/index.html]
[www.muso.com/category/television/index.html]
[www.muso.com/category/music/feed/index.html]
[www.muso.com/category/television/feed/index.html]
[www.muso.com/magazine/piracy-star-wars/index.html]
[www.muso.com/magazine/france-the-film-television-europe-2015/index.html]
[www.muso.com/wp-json/oembed/1.0/embedf296.json]
[www.muso.com/policies/terms-and-conditions/index.html]
[www.muso.com/wp-json/oembed/1.0/embedac96]
[www.muso.com/wp-json/oembed/1.0/embed42d8.json]
[www.muso.com/policies/privacy-policy/index.html]
[www.muso.com/wp-json/oembed/1.0/embed4752]
[www.muso.com/wp-json/oembed/1.0/embed2b56.json]
[www.muso.com/policies/cookie-policy/index.html]
[www.muso.com/wp-json/oembed/1.0/embeddfa3]
[www.muso.com/wp-json/oembed/1.0/embed8ac9.json]
[www.muso.com/about-us/founders/index.html]
[www.muso.com/wp-content/plugins/contact-form-7/includes/js/scripts972f.js]
[www.muso.com/wp-content/plugins/uk-cookie-consent/assets/js/uk-cookie-consent-jsa1ec.js]
[www.muso.com/wp-content/themes/studionovel_muso_v1/bower_components/history.js/scripts/bundled/html5/jquery.history4a7d.js]
[www.muso.com/wp-content/themes/studionovel_muso_v1/bower_components/jquery.scrollTo/jquery.scrollTo.min4a7d.js]
[www.muso.com/wp-content/themes/studionovel_muso_v1/assets/js/scriptsf546.js]
[www.muso.com/wp-includes/js/wp-embed.min5010.js]
[www.muso.com/wp-content/plugins/maxbuttons/assets/libraries/font-awesome/fonts/fontawesome-webfont3e6e.svg]
[www.muso.com/index0e62.html]
[www.muso.com/products/index.html]
[www.muso.com/wp-json/oembed/1.0/embed63c2]
[www.muso.com/wp-content/uploads/2016/11/entrepreneur-593357_1920-1024x678.jpg]
[www.muso.com/category/interview/feed/index.html]
[www.muso.com/magazine/the-millenial-tamsyn-bester-reveals-the-secrets-of-self-publishing/index.html]
[www.muso.com/wp-content/uploads/2015/11/065B6276.jpg]
[www.muso.com/wp-content/uploads/2013/10/shutterstock_265962089.jpg]
[www.muso.com/magazine/authors-its-time-to-check-your-books-for-world-ip-day/index.html]
[www.muso.com/wp-content/uploads/2016/03/image9-copy.jpg]
[www.muso.com/magazine/s-e-smith-self-publishing-interview/index.html]
[www.muso.com/wp-content/uploads/2015/12/Kirsty-Dallas-pic.jpg]
[www.muso.com/category/interview/index.html]
[www.muso.com/magazine/brent-lawson-piracy-streaming/index.html]
[www.muso.com/wp-content/uploads/2016/11/shutterstock_224592028-1-1024x683.png]
[www.muso.com/magazine/kirsty-dallas-author-interview/index.html]
[www.muso.com/category/press-release/feed/index.html]
[www.muso.com/magazine/book-audiences-tops-2bn-visits-to-piracy-sites/index.html]
[www.muso.com/wp-content/uploads/2016/10/DvmerDk.jpg]
[www.muso.com/magazine/frank-oceans-2-3m-blonde-piracy-audience/index.html]
[www.muso.com/wp-content/uploads/2016/03/MIPFormats_Fresh_TV_The_Wit-1.jpg]
[www.muso.com/wp-content/uploads/2012/04/girlmusic2.jpg]
[www.muso.com/magazine/muso-launch-piracy-business-intelligence-at-mipcom/index.html]
[www.muso.com/magazine/musos-global-film-tv-piracy-report-2016-released/index.html]
[www.muso.com/wp-content/uploads/2016/05/midem-by-night-2016-feat.jpg]
[www.muso.com/magazine/muso-at-midem-2016-helping-indie-labels-understand-piracy-demand/index.html]
[www.muso.com/wp-content/uploads/2012/11/blurredpeople2.jpg]
[www.muso.com/magazine/musos-global-music-piracy-insight-report-2016-released/index.html]
[www.muso.com/wp-content/uploads/2017/07/MUSO_backgroundoffice2_crop.jpg]
[www.muso.com/category/press-release/index.html]
[www.muso.com/category/press-release/page/2/index.html]
[www.muso.com/magazine/global-piracy-report/index.html]
[www.muso.com/magazine/muso-ceo-andy-chatterley-discusses-piracy-audiences-with-bbc-world-news/index.html]
[www.muso.com/wp-json/oembed/1.0/embed0ec1.json]
[www.muso.com/wp-json/oembed/1.0/embed7cd9]
[www.muso.com/wp-content/uploads/2018/05/youtubemusickeybeta-googleplaymusic-300x169.png]
[www.muso.com/magazine/youtube-launches-youtube-music-a-piracy-fighter/index.html]
[www.muso.com/wp-json/oembed/1.0/embed27b9.json]
[www.muso.com/magazine/global-piracy-increases-throughout-2017-muso-reveals/index.html]
[www.muso.com/wp-json/oembed/1.0/embed1aee]
[www.muso.com/wp-json/oembed/1.0/embedb2c9-2.json]
[www.muso.com/magazine/muso-supporting-euipos-economic-impact-study-on-piracy/index.html]
[www.muso.com/wp-json/oembed/1.0/embedb1ba]
[www.muso.com/wp-json/oembed/1.0/embed7ff4.json]
[www.muso.com/magazine/game-of-thrones-season-7-pirated-over-1-billion-times/index.html]
[www.muso.com/wp-json/oembed/1.0/embed717a]
[www.muso.com/wp-json/oembed/1.0/embed03f5.json]
[www.muso.com/magazine/the-bigger-picture-india-embracing-the-svod-revolution/index.html]
[www.muso.com/wp-json/oembed/1.0/embed1420]
[www.muso.com/wp-json/oembed/1.0/embed820d.json]
[www.muso.com/magazine/game-of-thrones-season-7-opener-pirated-91-74-million-times/index.html]
[www.muso.com/wp-json/oembed/1.0/embedecf7]
[www.muso.com/wp-json/oembed/1.0/embedcf89.json]
[www.muso.com/magazine/queen-of-indie-jane-clark-talks-piracy-in-the-indie-film-market/index.html]
[www.muso.com/wp-json/oembed/1.0/embed5331]
[www.muso.com/wp-json/oembed/1.0/embedb305.json]
[www.muso.com/magazine/from-rock-legends-to-piracy-a-conversation-with-elio-bordi-from-frontiers/index.html]
[www.muso.com/wp-json/oembed/1.0/embed7b38]
[www.muso.com/wp-json/oembed/1.0/embed10ab.json]
[www.muso.com/magazine/spain-10th-for-global-music-piracy/index.html]
[www.muso.com/wp-json/oembed/1.0/embedbde2]
[www.muso.com/wp-json/oembed/1.0/embedd77b.json]
[www.muso.com/magazine/muso-releases-2017-global-film-tv-insight-report/index.html]
[www.muso.com/wp-json/oembed/1.0/embed0983]
[www.muso.com/wp-json/oembed/1.0/embed04e8.json]
[www.muso.com/magazine/muso-releases-2017-global-music-insight-report/index.html]
[www.muso.com/magazine/page/2/index.html]
[www.muso.com/index0345.html]
[www.muso.com/contact-us/index.html]
[www.muso.com/wp-json/oembed/1.0/embed7971]
[www.muso.com/wp-json/oembed/1.0/embede864.json]
[www.muso.com/magazine/page/3/index.html]
[www.muso.com/contact-us/offices/index.html]
[www.muso.com/index1e7e.html]
[www.muso.com/about-us/index.html]
[www.muso.com/index64b4.html]
[www.muso.com/index6217.html]
[www.muso.com/index0b69.html]
[www.muso.com/indexbf1a.html]
[www.muso.com/wp-json/oembed/1.0/embed19df]
[www.muso.com/wp-json/oembed/1.0/embed4575.json]
[www.muso.com/magazine/ripping-is-back-2017s-biggest-music-piracy-threat/index.html]
[www.muso.com/wp-json/oembed/1.0/embeddd65]
[www.muso.com/wp-json/oembed/1.0/embed3d0b.json]
[www.muso.com/magazine/16-insight-report-mena-audiences-make-5bn-piracy-site-visits/index.html]
[www.muso.com/wp-json/oembed/1.0/embedf159]
[www.muso.com/wp-json/oembed/1.0/embed8e86.json]
[www.muso.com/magazine/mipcom-report-can-japans-next-wave-embrace-its-7-7bn-anime-piracy-audience/index.html]
[www.muso.com/wp-json/oembed/1.0/embed2a02]
[www.muso.com/wp-json/oembed/1.0/embed1613.json]
[www.muso.com/magazine/a-clearer-picture-of-piracy-2016-nordic-piracy-case-study/index.html]
[www.muso.com/wp-json/oembed/1.0/embed6258]
[www.muso.com/wp-json/oembed/1.0/embedc2c7.json]
[www.muso.com/magazine/strategies-for-uk-film-cos-converting-piracy-streaming-to-sales/index.html]
[www.muso.com/wp-json/oembed/1.0/embed1696]
[www.muso.com/wp-json/oembed/1.0/embed70a1.json]
[www.muso.com/magazine/getting-to-know-a-new-piracy-audience/index.html]
[www.muso.com/wp-json/oembed/1.0/embedadac]
[www.muso.com/wp-json/oembed/1.0/embed0b28.json]
[www.muso.com/magazine/market-insight-music-piracy-in-switzerland/index.html]
[www.muso.com/wp-json/oembed/1.0/embedf711]
[www.muso.com/wp-json/oembed/1.0/embed0abe.json]
[www.muso.com/magazine/big-data-netflix-amazon/index.html]
[www.muso.com/wp-json/oembed/1.0/embedfd7f]
[www.muso.com/wp-json/oembed/1.0/embedf6bc.json]
[www.muso.com/magazine/musos-2015-efm-piracy-study-insights/index.html]
[www.muso.com/wp-json/oembed/1.0/embedf99c]
[www.muso.com/magazine/muso-retune-press-release/index.html]
[www.muso.com/wp-content/uploads/2015/12/matthew-mcconaughey-dallas-buyers-club.jpg]
[www.muso.com/wp-content/uploads/2015/11/device_ebook_creditAmazon.jpg]
[www.muso.com/magazine/australia-piracy-problem/index.html]
[www.muso.com/magazine/ebook-self-publishers/index.html]
[www.muso.com/wp-content/uploads/2015/11/shutterstock_129354707.jpg]
[www.muso.com/wp-content/uploads/2015/11/shutterstock_123764377.jpg]
[www.muso.com/magazine/fans-heroes-music-piracy/index.html]
[www.muso.com/magazine/denmark-television/index.html]
[www.muso.com/magazine/the-indian-music/index.html]
[www.muso.com/wp-content/uploads/2012/03/anonymouspeople.jpg]
[www.muso.com/wp-content/uploads/2012/12/065B6258.jpg]
[www.muso.com/magazine/muso-launches-vk-anti-piracy-takedown/index.html]
[www.muso.com/magazine/the-tale-of-150000-takedowns/index.html]
[www.muso.com/magazine/dmca-explained/index.html]
[www.muso.com/wp-content/uploads/2012/09/Muso-7.jpg]
[www.muso.com/magazine/internet-piracys-double-standards-a-case-in-question/index.html]
[www.muso.com/wp-content/uploads/2012/08/Muso-1.jpg]
[www.muso.com/category/article/page/2/index.html]
[www.muso.com/magazine/cyberlocker-torrent-ugc-grey-market-how-do-you-protect-your-content/index.html]
[www.muso.com/magazine/google-some-anti-piracy-groups-inadvertently-aiding-piracy/index.html]
[www.muso.com/magazine/protecting-the-uks-top-ten-albums/index.html]
[www.muso.com/wp-json/oembed/1.0/embed5911.json]
[www.muso.com/magazine/france-the-film-television-europe-2015/index.html]
[www.muso.com/wp-json/oembed/1.0/embedfc4e]
[www.muso.com/category/article/page/3/index.html]
[www.muso.com/wp-json/oembed/1.0/embedb918.json]
[www.muso.com/magazine/piracy-star-wars/index.html]
[www.muso.com/indexb93f.html]
[www.muso.com/policies/index.html]
[www.muso.com/index3ba0.html]
[www.muso.com/indexfbd5.html]
[www.muso.com/index0d0b.html]
[www.muso.com/wp-json/oembed/1.0/embed8b9a]
[www.muso.com/wp-json/oembed/1.0/embed9ff5.json]
[www.muso.com/magazine/the-millenial-tamsyn-bester-reveals-the-secrets-of-self-publishing/index.html]
[www.muso.com/wp-json/oembed/1.0/embede024]
[www.muso.com/wp-json/oembed/1.0/embed8dcf.json]
[www.muso.com/magazine/muso-revolutionizes-self-publishing-anti-piracy-products/index.html]
[www.muso.com/magazine/muso-debuting-retune-to-indie-labels-at-aim-music-connected/index.html]
[www.muso.com/magazine/authors-its-time-to-check-your-books-for-world-ip-day/index.html]
[www.muso.com/wp-json/oembed/1.0/embedc08a]
[www.muso.com/wp-json/oembed/1.0/embed1eba.json]
[www.muso.com/magazine/s-e-smith-self-publishing-interview/index.html]
[www.muso.com/wp-json/oembed/1.0/embed3df5]
[www.muso.com/magazine/muso-to-unveil-industry-first-global-piracy-audience-trends-at-miptv/index.html]
[www.muso.com/wp-json/oembed/1.0/embed39fb.json]
[www.muso.com/magazine/brent-lawson-piracy-streaming/index.html]
[www.muso.com/wp-json/oembed/1.0/embedc72c]
[www.muso.com/magazine/muso-to-reveal-piracy-trends-data-on-mena-audiences-at-cabsat/index.html]
[www.muso.com/wp-json/oembed/1.0/embedeb0a.json]
[www.muso.com/magazine/kirsty-dallas-author-interview/index.html]
[www.muso.com/wp-json/oembed/1.0/embed56ee]
[www.muso.com/wp-json/oembed/1.0/embeda75f.json]
[www.muso.com/magazine/book-audiences-tops-2bn-visits-to-piracy-sites/index.html]
[www.muso.com/wp-json/oembed/1.0/embed745f]
[www.muso.com/wp-json/oembed/1.0/embed3bb8.json]
[www.muso.com/magazine/frank-oceans-2-3m-blonde-piracy-audience/index.html]
[www.muso.com/wp-json/oembed/1.0/embed571e]
[www.muso.com/wp-json/oembed/1.0/embed2e4f.json]
[www.muso.com/magazine/muso-launch-piracy-business-intelligence-at-mipcom/index.html]
[www.muso.com/wp-json/oembed/1.0/embedb71d]
[www.muso.com/wp-json/oembed/1.0/embeda315.json]
[www.muso.com/magazine/musos-global-film-tv-piracy-report-2016-released/index.html]
[www.muso.com/wp-json/oembed/1.0/embed37c5]
[www.muso.com/wp-json/oembed/1.0/embed599c.json]
[www.muso.com/magazine/muso-at-midem-2016-helping-indie-labels-understand-piracy-demand/index.html]
[www.muso.com/wp-json/oembed/1.0/embed8018]
[www.muso.com/wp-json/oembed/1.0/embedf015.json]
[www.muso.com/magazine/musos-global-music-piracy-insight-report-2016-released/index.html]
[www.muso.com/wp-json/oembed/1.0/embeda089]
[www.muso.com/wp-json/oembed/1.0/embed20e7.json]
[www.muso.com/magazine/muso-ceo-andy-chatterley-discusses-piracy-audiences-with-bbc-world-news/index.html]
[www.muso.com/wp-json/oembed/1.0/embedd665]
[www.muso.com/wp-json/oembed/1.0/embed35ad.json]
[www.muso.com/magazine/global-piracy-report/index.html]
[www.muso.com/wp-json/oembed/1.0/embed0ebe]
[www.muso.com/wp-content/uploads/2016/04/Muso-2.jpg]
[www.muso.com/wp-content/uploads/2016/03/authors_newpricing_masthead.jpg]
[www.muso.com/wp-content/uploads/2016/03/CABSAT-PR1.jpg]
[www.muso.com/wp-content/uploads/2014/09/shutterstock_197440991.jpg]
[www.muso.com/magazine/muso-opens-interactive-pop-up-space-at-mipcom-in-cannes/index.html]
[www.muso.com/wp-content/uploads/2014/09/shutterstock_148972376.jpg]
[www.muso.com/wp-content/uploads/2013/11/music2.jpg]
[www.muso.com/magazine/muso-names-davide-castorina-as-france-head/index.html]
[www.muso.com/magazine/muso-names-kobalt-entertainment-as-italy-partner/index.html]
[www.muso.com/wp-content/uploads/2014/03/shutterstock_221850130.jpg]
[www.muso.com/category/press-release/page/2/index.html]
[www.muso.com/magazine/muso-welcomes-new-head-of-music-services/index.html]
[www.muso.com/indexca4d.html]
[www.muso.com/magazine/muso-launch-major-innovations-against-piracy-at-miptv/index.html]
[www.muso.com/index9ed7.html]
[www.muso.com/indexc73b.html]
[www.muso.com/index0af7.html]
[www.muso.com/index17f1.html]
[www.muso.com/indexd832.html]
[www.muso.com/indexb541.html]
[www.muso.com/index8eb0.html]
[www.muso.com/index8381.html]
[www.muso.com/indexd399.html]
[www.muso.com/index2487.html]
[www.muso.com/magazine/page/3/index.html]
[www.muso.com/magazine/new-anti-piracy-technology-to-revolutionise-dance-world/index.html]
[www.muso.com/index2cf9.html]
[www.muso.com/index975e.html]
[www.muso.com/indexe398.html]
[www.muso.com/index028e.html]
[www.muso.com/index64ca.html]
[www.muso.com/index6289.html]
[www.muso.com/indexa2f3.html]
[www.muso.com/index21b4.html]
[www.muso.com/indexdc3d.html]
[www.muso.com/magazine/muso-pushes-boundaries-again-with-anti-piracy-technology-at-sxsw/index.html]
[www.muso.com/category/press-release/page/3/index.html]
[www.muso.com/magazine/page/4/index.html]
[www.muso.com/wp-json/oembed/1.0/embed6bdb.json]
[www.muso.com/magazine/muso-retune-press-release/index.html]
[www.muso.com/indexff9b.html]
[www.muso.com/wp-json/oembed/1.0/embed03ae]
[www.muso.com/wp-json/oembed/1.0/embed2f47.json]
[www.muso.com/magazine/australia-piracy-problem/index.html]
[www.muso.com/wp-json/oembed/1.0/embed0ea7]
[www.muso.com/wp-json/oembed/1.0/embed0be2.json]
[www.muso.com/magazine/ebook-self-publishers/index.html]
[www.muso.com/wp-json/oembed/1.0/embed086a]
[www.muso.com/wp-json/oembed/1.0/embedfa6f.json]
[www.muso.com/magazine/fans-heroes-music-piracy/index.html]
[www.muso.com/wp-json/oembed/1.0/embed99f1]
[www.muso.com/wp-json/oembed/1.0/embed1e87.json]
[www.muso.com/magazine/denmark-television/index.html]
[www.muso.com/wp-json/oembed/1.0/embedaabd]
[www.muso.com/wp-json/oembed/1.0/embeddfa3.json]
[www.muso.com/magazine/the-indian-music/index.html]
[www.muso.com/wp-json/oembed/1.0/embede70f]
[www.muso.com/wp-json/oembed/1.0/embed0789.json]
[www.muso.com/magazine/the-indian-music/gaana.com/index.html]
[www.muso.com/magazine/dmca-explained/index.html]
[www.muso.com/wp-json/oembed/1.0/embed0937]
[www.muso.com/wp-json/oembed/1.0/embede94b.json]
[www.muso.com/magazine/muso-reaches-landmark-anti-piracy-agreement-with-russian-social-networking-giant-vk-com/index.html]
[www.muso.com/magazine/online-anti-piracy-company-muso-conclude-deal-with-demon-music-group-dmg/index.html]
[www.muso.com/magazine/muso-launches-vk-anti-piracy-takedown/index.html]
[www.muso.com/wp-json/oembed/1.0/embed9bd9]
[www.muso.com/wp-json/oembed/1.0/embedaf65.json]
[www.muso.com/magazine/the-tale-of-150000-takedowns/index.html]
[www.muso.com/wp-json/oembed/1.0/embed29c5]
[www.muso.com/magazine/muso-announces-partnership-with-europa-international-to-protect-european-film-titles-from-piracy/index.html]
[www.muso.com/wp-json/oembed/1.0/embed4802.json]
[www.muso.com/magazine/cyberlocker-torrent-ugc-grey-market-how-do-you-protect-your-content/index.html]
[www.muso.com/wp-json/oembed/1.0/embed92be]
[www.muso.com/wp-json/oembed/1.0/embeda59e.json]
[www.muso.com/magazine/internet-piracys-double-standards-a-case-in-question/index.html]
[www.muso.com/wp-json/oembed/1.0/embedd380]
[www.muso.com/magazine/musos-anti-piracy-market-revolution-continues-for-leading-music-artists-film-studios-globally/index.html]
[www.muso.com/wp-json/oembed/1.0/embed957a.json]
[www.muso.com/magazine/google-some-anti-piracy-groups-inadvertently-aiding-piracy/index.html]
[www.muso.com/wp-json/oembed/1.0/embed9d7e]
[www.muso.com/wp-json/oembed/1.0/embedcc17.json]
[www.muso.com/magazine/protecting-the-uks-top-ten-albums/index.html]
[www.muso.com/wp-json/oembed/1.0/embed172b]
[www.muso.com/magazine/muso-tnt-rebrands-as-muso-expands-online-anti-piracy-services/index.html]
[www.muso.com/wp-content/uploads/2012/04/shutterstock_203213842.jpg]
[www.muso.com/category/article/page/3/index.html]
[www.muso.com/indexc128.html]
[www.muso.com/indexf425.html]
[www.muso.com/index7cb7.html]
[www.muso.com/magazine/how-megaupload-scooped-your-bottom-line/index.html]
[www.muso.com/magazine/why-anti-piracy-automation-is-crucial/index.html]
[www.muso.com/wp-json/oembed/1.0/embed0f26.json]
[www.muso.com/magazine/muso-revolutionizes-self-publishing-anti-piracy-products/index.html]
[www.muso.com/wp-json/oembed/1.0/embedd17f]
[www.muso.com/wp-json/oembed/1.0/embedac46.json]
[www.muso.com/magazine/muso-debuting-retune-to-indie-labels-at-aim-music-connected/index.html]
[www.muso.com/indexd13e.html]
[www.muso.com/wp-json/oembed/1.0/embed1a71]
[www.muso.com/wp-json/oembed/1.0/embed0b32.json]
[www.muso.com/magazine/muso-to-unveil-industry-first-global-piracy-audience-trends-at-miptv/index.html]
[www.muso.com/index5d09.html]
[www.muso.com/wp-json/oembed/1.0/embed642b]
[www.muso.com/wp-json/oembed/1.0/embed3e94.json]
[www.muso.com/magazine/muso-to-reveal-piracy-trends-data-on-mena-audiences-at-cabsat/index.html]
[www.muso.com/index1c50.html]
[www.muso.com/indexb1f0.html]
[www.muso.com/index3239.html]
[www.muso.com/indexd4ce.html]
[www.muso.com/index01f7.html]
[www.muso.com/indexd4c3.html]
[www.muso.com/indexaaca.html]
[www.muso.com/index00c2.html]
[www.muso.com/indexc2fc.html]
[www.muso.com/index9848.html]
[www.muso.com/wp-json/oembed/1.0/embeda4ed]
[www.muso.com/wp-json/oembed/1.0/embedcd2b.json]
[www.muso.com/magazine/muso-opens-interactive-pop-up-space-at-mipcom-in-cannes/index.html]
[www.muso.com/wp-json/oembed/1.0/embed73e9]
[www.muso.com/wp-json/oembed/1.0/embeda578.json]
[www.muso.com/magazine/muso-names-davide-castorina-as-france-head/index.html]
[www.muso.com/wp-json/oembed/1.0/embed8ddf]
[www.muso.com/wp-json/oembed/1.0/embed28b0.json]
[www.muso.com/magazine/muso-names-kobalt-entertainment-as-italy-partner/index.html]
[www.muso.com/wp-json/oembed/1.0/embedbade]
[www.muso.com/wp-json/oembed/1.0/embed56ab.json]
[www.muso.com/magazine/muso-welcomes-new-head-of-music-services/index.html]
[www.muso.com/wp-json/oembed/1.0/embeda3d6]
[www.muso.com/wp-json/oembed/1.0/embed5c1e.json]
[www.muso.com/magazine/muso-launch-major-innovations-against-piracy-at-miptv/index.html]
[www.muso.com/wp-json/oembed/1.0/embeda382]
[www.muso.com/wp-json/oembed/1.0/embedaefa.json]
[www.muso.com/magazine/new-anti-piracy-technology-to-revolutionise-dance-world/index.html]
[www.muso.com/wp-json/oembed/1.0/embed0785]
[www.muso.com/wp-json/oembed/1.0/embed5024.json]
[www.muso.com/magazine/muso-findings-show-legendary-artists-are-being-forgotten-in-the-fight-against-online-piracy/index.html]
[www.muso.com/magazine/muso-pushes-boundaries-again-with-anti-piracy-technology-at-sxsw/index.html]
[www.muso.com/wp-json/oembed/1.0/embedfe39]
[www.muso.com/wp-content/uploads/2013/09/shutterstock_257694766.jpg]
[www.muso.com/magazine/muso-online-content-protection-platform-launches-for-tv-content-at-mipcom/index.html]
[www.muso.com/magazine/self-published-authors-take-control-of-their-pirated-ebooks-with-the-help-of-muso/index.html]
[www.muso.com/magazine/muso-secures-smart-award-for-innovative-new-anti-piracy-tool/index.html]
[www.muso.com/wp-content/uploads/2013/09/shutterstock_182533571.jpg]
[www.muso.com/wp-content/uploads/2013/08/065B6263.jpg]
[www.muso.com/magazine/essential-music-marketing-sign-long-term-partnership-with-muso-anti-piracy-to-protect-their-digital-content-online/index.html]
[www.muso.com/wp-content/uploads/2012/09/filmset.jpg]
[www.muso.com/category/press-release/page/3/index.html]
[www.muso.com/magazine/page/4/index.html]
[www.muso.com/index1b7b.html]
[www.muso.com/index6353.html]
[www.muso.com/indexe90e.html]
[www.muso.com/indexb022.html]
[www.muso.com/indexead8.html]
[www.muso.com/index4494.html]
[www.muso.com/magazine/the-indian-music/gaana.com/index.html]
[www.muso.com/index0971.html]
[www.muso.com/wp-json/oembed/1.0/embed25f6.json]
[www.muso.com/magazine/page/5/index.html]
[www.muso.com/magazine/muso-reaches-landmark-anti-piracy-agreement-with-russian-social-networking-giant-vk-com/index.html]
[www.muso.com/wp-json/oembed/1.0/embede377]
[www.muso.com/wp-json/oembed/1.0/embed24d9.json]
[www.muso.com/magazine/online-anti-piracy-company-muso-conclude-deal-with-demon-music-group-dmg/index.html]
[www.muso.com/index45ff.html]
[www.muso.com/wp-json/oembed/1.0/embed7cbc]
[www.muso.com/wp-json/oembed/1.0/embedc190.json]
[www.muso.com/magazine/muso-announces-partnership-with-europa-international-to-protect-european-film-titles-from-piracy/index.html]
[www.muso.com/index03c9.html]
[www.muso.com/indexa7b7.html]
[www.muso.com/wp-json/oembed/1.0/embedb321]
[www.muso.com/wp-json/oembed/1.0/embed4a01.json]
[www.muso.com/magazine/musos-anti-piracy-market-revolution-continues-for-leading-music-artists-film-studios-globally/index.html]
[www.muso.com/index246f.html]
[www.muso.com/indexc094.html]
[www.muso.com/wp-json/oembed/1.0/embed2edd]
[www.muso.com/wp-json/oembed/1.0/embed173a.json]
[www.muso.com/magazine/muso-tnt-rebrands-as-muso-expands-online-anti-piracy-services/index.html]
[www.muso.com/index4e57.html]
[www.muso.com/wp-json/oembed/1.0/embed9c35]
[www.muso.com/wp-json/oembed/1.0/embed4b5f.json]
[www.muso.com/magazine/why-anti-piracy-automation-is-crucial/index.html]
[www.muso.com/wp-json/oembed/1.0/embed9169]
[www.muso.com/wp-json/oembed/1.0/embedc114.json]
[www.muso.com/magazine/how-megaupload-scooped-your-bottom-line/index.html]
[www.muso.com/index7e39.html]
[www.muso.com/indexe01d.html]
[www.muso.com/index2df9.html]
[www.muso.com/index61f2.html]
[www.muso.com/indexe7fb.html]
[www.muso.com/index61a9.html]
[www.muso.com/index84df.html]
[www.muso.com/index33e1.html]
[www.muso.com/index4c2b.html]
[www.muso.com/indexc535.html]
[www.muso.com/wp-json/oembed/1.0/embed5594]
[www.muso.com/wp-json/oembed/1.0/embedfacb.json]
[www.muso.com/magazine/muso-findings-show-legendary-artists-are-being-forgotten-in-the-fight-against-online-piracy/index.html]
[www.muso.com/indexa42a.html]
[www.muso.com/anti-piracy-dashboard/index.html]
[www.muso.com/wp-json/oembed/1.0/embed49eb]
[www.muso.com/wp-json/oembed/1.0/embed0162.json]
[www.muso.com/magazine/muso-secures-smart-award-for-innovative-new-anti-piracy-tool/index.html]
[www.muso.com/wp-json/oembed/1.0/embed1cc3]
[www.muso.com/wp-json/oembed/1.0/embedbc26.json]
[www.muso.com/magazine/self-published-authors-take-control-of-their-pirated-ebooks-with-the-help-of-muso/index.html]
[www.muso.com/wp-json/oembed/1.0/embed9826]
[www.muso.com/wp-json/oembed/1.0/embed4f6f.json]
[www.muso.com/magazine/muso-online-content-protection-platform-launches-for-tv-content-at-mipcom/index.html]
[www.muso.com/wp-json/oembed/1.0/embed9608]
[www.muso.com/wp-json/oembed/1.0/embed4bd3.json]
[www.muso.com/magazine/essential-music-marketing-sign-long-term-partnership-with-muso-anti-piracy-to-protect-their-digital-content-online/index.html]
[www.muso.com/magazine/page/5/index.html]
[www.muso.com/indexce2e.html]
[www.muso.com/indexca7f.html]
[www.muso.com/indexa180.html]
[www.muso.com/index0718.html]
[www.muso.com/indexb702.html]
[www.muso.com/indexcfab.html]
[www.muso.com/indexc9d1.html]
[www.muso.com/index568a.html]
[www.muso.com/index3e9a.html]
[www.muso.com/indexbc2b.html]
[www.muso.com/index2b8b.html]
[www.muso.com/index1d45.html]
[www.muso.com/wp-json/oembed/1.0/embed6dc6]
[www.muso.com/magazine/page/6/index.html]
[www.muso.com/magazine/page/6/index.html]
